# data_file = f:\data\fires\MODIS_FRP\SILAM_src\Fire_MOD_MYD__TA_FRP_20071230.fs1
# data_file = f:\data\fires\MODIS_FRP\SILAM_src\Fire_MOD_MYD__TA_FRP_20071231.fs1
# data_file = f:\data\fires\MODIS_FRP\SILAM_src\Fire_MOD_MYD__TA_FRP_20080101.fs1
# data_file = f:\data\fires\MODIS_FRP\SILAM_src\Fire_MOD_MYD__TA_FRP_20080102.fs1
# data_file = f:\data\fires\MODIS_FRP\SILAM_src\Fire_MOD_MYD__TA_FRP_20080103.fs1
# data_file = f:\data\fires\MODIS_FRP\SILAM_src\Fire_MOD_MYD__TA_FRP_20080104.fs1
# data_file = f:\data\fires\MODIS_FRP\SILAM_src\Fire_MOD_MYD__TA_FRP_20080105.fs1
# data_file = f:\data\fires\MODIS_FRP\SILAM_src\Fire_MOD_MYD__TA_FRP_20080106.fs1
# data_file = f:\data\fires\MODIS_FRP\SILAM_src\Fire_MOD_MYD__TA_FRP_20080107.fs1
# data_file = f:\data\fires\MODIS_FRP\SILAM_src\Fire_MOD_MYD__TA_FRP_20080108.fs1
# data_file = f:\data\fires\MODIS_FRP\SILAM_src\Fire_MOD_MYD__TA_FRP_20080109.fs1
# data_file = f:\data\fires\MODIS_FRP\SILAM_src\Fire_MOD_MYD__TA_FRP_20080110.fs1
# data_file = f:\data\fires\MODIS_FRP\SILAM_src\Fire_MOD_MYD__TA_FRP_20080111.fs1
# data_file = f:\data\fires\MODIS_FRP\SILAM_src\Fire_MOD_MYD__TA_FRP_20080112.fs1
# data_file = f:\data\fires\MODIS_FRP\SILAM_src\Fire_MOD_MYD__TA_FRP_20080113.fs1
# data_file = f:\data\fires\MODIS_FRP\SILAM_src\Fire_MOD_MYD__TA_FRP_20080114.fs1
# data_file = f:\data\fires\MODIS_FRP\SILAM_src\Fire_MOD_MYD__TA_FRP_20080115.fs1
# data_file = f:\data\fires\MODIS_FRP\SILAM_src\Fire_MOD_MYD__TA_FRP_20080116.fs1
# data_file = f:\data\fires\MODIS_FRP\SILAM_src\Fire_MOD_MYD__TA_FRP_20080117.fs1
# data_file = f:\data\fires\MODIS_FRP\SILAM_src\Fire_MOD_MYD__TA_FRP_20080118.fs1
# data_file = f:\data\fires\MODIS_FRP\SILAM_src\Fire_MOD_MYD__TA_FRP_20080119.fs1
# data_file = f:\data\fires\MODIS_FRP\SILAM_src\Fire_MOD_MYD__TA_FRP_20080120.fs1
# data_file = f:\data\fires\MODIS_FRP\SILAM_src\Fire_MOD_MYD__TA_FRP_20080121.fs1
# data_file = f:\data\fires\MODIS_FRP\SILAM_src\Fire_MOD_MYD__TA_FRP_20080122.fs1
# data_file = f:\data\fires\MODIS_FRP\SILAM_src\Fire_MOD_MYD__TA_FRP_20080123.fs1
# data_file = f:\data\fires\MODIS_FRP\SILAM_src\Fire_MOD_MYD__TA_FRP_20080124.fs1
# data_file = f:\data\fires\MODIS_FRP\SILAM_src\Fire_MOD_MYD__TA_FRP_20080125.fs1
# data_file = f:\data\fires\MODIS_FRP\SILAM_src\Fire_MOD_MYD__TA_FRP_20080126.fs1
# data_file = f:\data\fires\MODIS_FRP\SILAM_src\Fire_MOD_MYD__TA_FRP_20080127.fs1
# data_file = f:\data\fires\MODIS_FRP\SILAM_src\Fire_MOD_MYD__TA_FRP_20080128.fs1
# data_file = f:\data\fires\MODIS_FRP\SILAM_src\Fire_MOD_MYD__TA_FRP_20080129.fs1
# data_file = f:\data\fires\MODIS_FRP\SILAM_src\Fire_MOD_MYD__TA_FRP_20080130.fs1
# data_file = f:\data\fires\MODIS_FRP\SILAM_src\Fire_MOD_MYD__TA_FRP_20080131.fs1
# data_file = f:\data\fires\MODIS_FRP\SILAM_src\Fire_MOD_MYD__TA_FRP_20080201.fs1
# data_file = f:\data\fires\MODIS_FRP\SILAM_src\Fire_MOD_MYD__TA_FRP_20080202.fs1
# data_file = f:\data\fires\MODIS_FRP\SILAM_src\Fire_MOD_MYD__TA_FRP_20080203.fs1
# data_file = f:\data\fires\MODIS_FRP\SILAM_src\Fire_MOD_MYD__TA_FRP_20080204.fs1
# data_file = f:\data\fires\MODIS_FRP\SILAM_src\Fire_MOD_MYD__TA_FRP_20080205.fs1
# data_file = f:\data\fires\MODIS_FRP\SILAM_src\Fire_MOD_MYD__TA_FRP_20080206.fs1
# data_file = f:\data\fires\MODIS_FRP\SILAM_src\Fire_MOD_MYD__TA_FRP_20080207.fs1
# data_file = f:\data\fires\MODIS_FRP\SILAM_src\Fire_MOD_MYD__TA_FRP_20080208.fs1
# data_file = f:\data\fires\MODIS_FRP\SILAM_src\Fire_MOD_MYD__TA_FRP_20080209.fs1
# data_file = f:\data\fires\MODIS_FRP\SILAM_src\Fire_MOD_MYD__TA_FRP_20080210.fs1
# data_file = f:\data\fires\MODIS_FRP\SILAM_src\Fire_MOD_MYD__TA_FRP_20080211.fs1
# data_file = f:\data\fires\MODIS_FRP\SILAM_src\Fire_MOD_MYD__TA_FRP_20080212.fs1
# data_file = f:\data\fires\MODIS_FRP\SILAM_src\Fire_MOD_MYD__TA_FRP_20080213.fs1
# data_file = f:\data\fires\MODIS_FRP\SILAM_src\Fire_MOD_MYD__TA_FRP_20080214.fs1
# data_file = f:\data\fires\MODIS_FRP\SILAM_src\Fire_MOD_MYD__TA_FRP_20080215.fs1
# data_file = f:\data\fires\MODIS_FRP\SILAM_src\Fire_MOD_MYD__TA_FRP_20080216.fs1
# data_file = f:\data\fires\MODIS_FRP\SILAM_src\Fire_MOD_MYD__TA_FRP_20080217.fs1
# data_file = f:\data\fires\MODIS_FRP\SILAM_src\Fire_MOD_MYD__TA_FRP_20080218.fs1
# data_file = f:\data\fires\MODIS_FRP\SILAM_src\Fire_MOD_MYD__TA_FRP_20080219.fs1
# data_file = f:\data\fires\MODIS_FRP\SILAM_src\Fire_MOD_MYD__TA_FRP_20080220.fs1
# data_file = f:\data\fires\MODIS_FRP\SILAM_src\Fire_MOD_MYD__TA_FRP_20080221.fs1
# data_file = f:\data\fires\MODIS_FRP\SILAM_src\Fire_MOD_MYD__TA_FRP_20080222.fs1
# data_file = f:\data\fires\MODIS_FRP\SILAM_src\Fire_MOD_MYD__TA_FRP_20080223.fs1
# data_file = f:\data\fires\MODIS_FRP\SILAM_src\Fire_MOD_MYD__TA_FRP_20080224.fs1
# data_file = f:\data\fires\MODIS_FRP\SILAM_src\Fire_MOD_MYD__TA_FRP_20080225.fs1
# data_file = f:\data\fires\MODIS_FRP\SILAM_src\Fire_MOD_MYD__TA_FRP_20080226.fs1
# data_file = f:\data\fires\MODIS_FRP\SILAM_src\Fire_MOD_MYD__TA_FRP_20080227.fs1
# data_file = f:\data\fires\MODIS_FRP\SILAM_src\Fire_MOD_MYD__TA_FRP_20080228.fs1
# data_file = f:\data\fires\MODIS_FRP\SILAM_src\Fire_MOD_MYD__TA_FRP_20080229.fs1
# data_file = f:\data\fires\MODIS_FRP\SILAM_src\Fire_MOD_MYD__TA_FRP_20080301.fs1
# data_file = f:\data\fires\MODIS_FRP\SILAM_src\Fire_MOD_MYD__TA_FRP_20080302.fs1
# data_file = f:\data\fires\MODIS_FRP\SILAM_src\Fire_MOD_MYD__TA_FRP_20080303.fs1
# data_file = f:\data\fires\MODIS_FRP\SILAM_src\Fire_MOD_MYD__TA_FRP_20080304.fs1
# data_file = f:\data\fires\MODIS_FRP\SILAM_src\Fire_MOD_MYD__TA_FRP_20080305.fs1
# data_file = f:\data\fires\MODIS_FRP\SILAM_src\Fire_MOD_MYD__TA_FRP_20080306.fs1
# data_file = f:\data\fires\MODIS_FRP\SILAM_src\Fire_MOD_MYD__TA_FRP_20080307.fs1
# data_file = f:\data\fires\MODIS_FRP\SILAM_src\Fire_MOD_MYD__TA_FRP_20080308.fs1
# data_file = f:\data\fires\MODIS_FRP\SILAM_src\Fire_MOD_MYD__TA_FRP_20080309.fs1
# data_file = f:\data\fires\MODIS_FRP\SILAM_src\Fire_MOD_MYD__TA_FRP_20080310.fs1
# data_file = f:\data\fires\MODIS_FRP\SILAM_src\Fire_MOD_MYD__TA_FRP_20080311.fs1
# data_file = f:\data\fires\MODIS_FRP\SILAM_src\Fire_MOD_MYD__TA_FRP_20080312.fs1
# data_file = f:\data\fires\MODIS_FRP\SILAM_src\Fire_MOD_MYD__TA_FRP_20080313.fs1
# data_file = f:\data\fires\MODIS_FRP\SILAM_src\Fire_MOD_MYD__TA_FRP_20080314.fs1
# data_file = f:\data\fires\MODIS_FRP\SILAM_src\Fire_MOD_MYD__TA_FRP_20080315.fs1
# data_file = f:\data\fires\MODIS_FRP\SILAM_src\Fire_MOD_MYD__TA_FRP_20080316.fs1
# data_file = f:\data\fires\MODIS_FRP\SILAM_src\Fire_MOD_MYD__TA_FRP_20080317.fs1
# data_file = f:\data\fires\MODIS_FRP\SILAM_src\Fire_MOD_MYD__TA_FRP_20080318.fs1
# data_file = f:\data\fires\MODIS_FRP\SILAM_src\Fire_MOD_MYD__TA_FRP_20080319.fs1
# data_file = f:\data\fires\MODIS_FRP\SILAM_src\Fire_MOD_MYD__TA_FRP_20080320.fs1
# data_file = f:\data\fires\MODIS_FRP\SILAM_src\Fire_MOD_MYD__TA_FRP_20080321.fs1
# data_file = f:\data\fires\MODIS_FRP\SILAM_src\Fire_MOD_MYD__TA_FRP_20080322.fs1
# data_file = f:\data\fires\MODIS_FRP\SILAM_src\Fire_MOD_MYD__TA_FRP_20080323.fs1
# data_file = f:\data\fires\MODIS_FRP\SILAM_src\Fire_MOD_MYD__TA_FRP_20080324.fs1
# data_file = f:\data\fires\MODIS_FRP\SILAM_src\Fire_MOD_MYD__TA_FRP_20080325.fs1
# data_file = f:\data\fires\MODIS_FRP\SILAM_src\Fire_MOD_MYD__TA_FRP_20080326.fs1
# data_file = f:\data\fires\MODIS_FRP\SILAM_src\Fire_MOD_MYD__TA_FRP_20080327.fs1
# data_file = f:\data\fires\MODIS_FRP\SILAM_src\Fire_MOD_MYD__TA_FRP_20080328.fs1
# data_file = f:\data\fires\MODIS_FRP\SILAM_src\Fire_MOD_MYD__TA_FRP_20080329.fs1
# data_file = f:\data\fires\MODIS_FRP\SILAM_src\Fire_MOD_MYD__TA_FRP_20080330.fs1
# data_file = f:\data\fires\MODIS_FRP\SILAM_src\Fire_MOD_MYD__TA_FRP_20080331.fs1
# data_file = f:\data\fires\MODIS_FRP\SILAM_src\Fire_MOD_MYD__TA_FRP_20080401.fs1
# data_file = f:\data\fires\MODIS_FRP\SILAM_src\Fire_MOD_MYD__TA_FRP_20080402.fs1
# data_file = f:\data\fires\MODIS_FRP\SILAM_src\Fire_MOD_MYD__TA_FRP_20080403.fs1
# data_file = f:\data\fires\MODIS_FRP\SILAM_src\Fire_MOD_MYD__TA_FRP_20080404.fs1
# data_file = f:\data\fires\MODIS_FRP\SILAM_src\Fire_MOD_MYD__TA_FRP_20080405.fs1
# data_file = f:\data\fires\MODIS_FRP\SILAM_src\Fire_MOD_MYD__TA_FRP_20080406.fs1
# data_file = f:\data\fires\MODIS_FRP\SILAM_src\Fire_MOD_MYD__TA_FRP_20080407.fs1
# data_file = f:\data\fires\MODIS_FRP\SILAM_src\Fire_MOD_MYD__TA_FRP_20080408.fs1
# data_file = f:\data\fires\MODIS_FRP\SILAM_src\Fire_MOD_MYD__TA_FRP_20080409.fs1
# data_file = f:\data\fires\MODIS_FRP\SILAM_src\Fire_MOD_MYD__TA_FRP_20080410.fs1
# data_file = f:\data\fires\MODIS_FRP\SILAM_src\Fire_MOD_MYD__TA_FRP_20080411.fs1
# data_file = f:\data\fires\MODIS_FRP\SILAM_src\Fire_MOD_MYD__TA_FRP_20080412.fs1
# data_file = f:\data\fires\MODIS_FRP\SILAM_src\Fire_MOD_MYD__TA_FRP_20080413.fs1
# data_file = f:\data\fires\MODIS_FRP\SILAM_src\Fire_MOD_MYD__TA_FRP_20080414.fs1
# data_file = f:\data\fires\MODIS_FRP\SILAM_src\Fire_MOD_MYD__TA_FRP_20080415.fs1
# data_file = f:\data\fires\MODIS_FRP\SILAM_src\Fire_MOD_MYD__TA_FRP_20080416.fs1
# data_file = f:\data\fires\MODIS_FRP\SILAM_src\Fire_MOD_MYD__TA_FRP_20080417.fs1
# data_file = f:\data\fires\MODIS_FRP\SILAM_src\Fire_MOD_MYD__TA_FRP_20080418.fs1
# data_file = f:\data\fires\MODIS_FRP\SILAM_src\Fire_MOD_MYD__TA_FRP_20080419.fs1
# data_file = f:\data\fires\MODIS_FRP\SILAM_src\Fire_MOD_MYD__TA_FRP_20080420.fs1
# data_file = f:\data\fires\MODIS_FRP\SILAM_src\Fire_MOD_MYD__TA_FRP_20080421.fs1
# data_file = f:\data\fires\MODIS_FRP\SILAM_src\Fire_MOD_MYD__TA_FRP_20080422.fs1
# data_file = f:\data\fires\MODIS_FRP\SILAM_src\Fire_MOD_MYD__TA_FRP_20080423.fs1
# data_file = f:\data\fires\MODIS_FRP\SILAM_src\Fire_MOD_MYD__TA_FRP_20080424.fs1
# data_file = f:\data\fires\MODIS_FRP\SILAM_src\Fire_MOD_MYD__TA_FRP_20080425.fs1
# data_file = f:\data\fires\MODIS_FRP\SILAM_src\Fire_MOD_MYD__TA_FRP_20080426.fs1
# data_file = f:\data\fires\MODIS_FRP\SILAM_src\Fire_MOD_MYD__TA_FRP_20080427.fs1
# data_file = f:\data\fires\MODIS_FRP\SILAM_src\Fire_MOD_MYD__TA_FRP_20080428.fs1
# data_file = f:\data\fires\MODIS_FRP\SILAM_src\Fire_MOD_MYD__TA_FRP_20080429.fs1
# data_file = f:\data\fires\MODIS_FRP\SILAM_src\Fire_MOD_MYD__TA_FRP_20080430.fs1
# data_file = f:\data\fires\MODIS_FRP\SILAM_src\Fire_MOD_MYD__TA_FRP_20080501.fs1
# data_file = f:\data\fires\MODIS_FRP\SILAM_src\Fire_MOD_MYD__TA_FRP_20080502.fs1
# data_file = f:\data\fires\MODIS_FRP\SILAM_src\Fire_MOD_MYD__TA_FRP_20080503.fs1
# data_file = f:\data\fires\MODIS_FRP\SILAM_src\Fire_MOD_MYD__TA_FRP_20080504.fs1
# data_file = f:\data\fires\MODIS_FRP\SILAM_src\Fire_MOD_MYD__TA_FRP_20080505.fs1
# data_file = f:\data\fires\MODIS_FRP\SILAM_src\Fire_MOD_MYD__TA_FRP_20080506.fs1
# data_file = f:\data\fires\MODIS_FRP\SILAM_src\Fire_MOD_MYD__TA_FRP_20080507.fs1
# data_file = f:\data\fires\MODIS_FRP\SILAM_src\Fire_MOD_MYD__TA_FRP_20080508.fs1
# data_file = f:\data\fires\MODIS_FRP\SILAM_src\Fire_MOD_MYD__TA_FRP_20080509.fs1
# data_file = f:\data\fires\MODIS_FRP\SILAM_src\Fire_MOD_MYD__TA_FRP_20080510.fs1
# data_file = f:\data\fires\MODIS_FRP\SILAM_src\Fire_MOD_MYD__TA_FRP_20080511.fs1
# data_file = f:\data\fires\MODIS_FRP\SILAM_src\Fire_MOD_MYD__TA_FRP_20080512.fs1
# data_file = f:\data\fires\MODIS_FRP\SILAM_src\Fire_MOD_MYD__TA_FRP_20080513.fs1
# data_file = f:\data\fires\MODIS_FRP\SILAM_src\Fire_MOD_MYD__TA_FRP_20080514.fs1
# data_file = f:\data\fires\MODIS_FRP\SILAM_src\Fire_MOD_MYD__TA_FRP_20080515.fs1
# data_file = f:\data\fires\MODIS_FRP\SILAM_src\Fire_MOD_MYD__TA_FRP_20080516.fs1
# data_file = f:\data\fires\MODIS_FRP\SILAM_src\Fire_MOD_MYD__TA_FRP_20080517.fs1
# data_file = f:\data\fires\MODIS_FRP\SILAM_src\Fire_MOD_MYD__TA_FRP_20080518.fs1
# data_file = f:\data\fires\MODIS_FRP\SILAM_src\Fire_MOD_MYD__TA_FRP_20080519.fs1
# data_file = f:\data\fires\MODIS_FRP\SILAM_src\Fire_MOD_MYD__TA_FRP_20080520.fs1
# data_file = f:\data\fires\MODIS_FRP\SILAM_src\Fire_MOD_MYD__TA_FRP_20080521.fs1
# data_file = f:\data\fires\MODIS_FRP\SILAM_src\Fire_MOD_MYD__TA_FRP_20080522.fs1
# data_file = f:\data\fires\MODIS_FRP\SILAM_src\Fire_MOD_MYD__TA_FRP_20080523.fs1
# data_file = f:\data\fires\MODIS_FRP\SILAM_src\Fire_MOD_MYD__TA_FRP_20080524.fs1
# data_file = f:\data\fires\MODIS_FRP\SILAM_src\Fire_MOD_MYD__TA_FRP_20080525.fs1
# data_file = f:\data\fires\MODIS_FRP\SILAM_src\Fire_MOD_MYD__TA_FRP_20080526.fs1
# data_file = f:\data\fires\MODIS_FRP\SILAM_src\Fire_MOD_MYD__TA_FRP_20080527.fs1
# data_file = f:\data\fires\MODIS_FRP\SILAM_src\Fire_MOD_MYD__TA_FRP_20080528.fs1
# data_file = f:\data\fires\MODIS_FRP\SILAM_src\Fire_MOD_MYD__TA_FRP_20080529.fs1
# data_file = f:\data\fires\MODIS_FRP\SILAM_src\Fire_MOD_MYD__TA_FRP_20080530.fs1
# data_file = f:\data\fires\MODIS_FRP\SILAM_src\Fire_MOD_MYD__TA_FRP_20080531.fs1
 data_file = f:\data\fires\MODIS_FRP\SILAM_src\Fire_MOD_MYD__TA_FRP_20080601.fs1
 data_file = f:\data\fires\MODIS_FRP\SILAM_src\Fire_MOD_MYD__TA_FRP_20080602.fs1
 data_file = f:\data\fires\MODIS_FRP\SILAM_src\Fire_MOD_MYD__TA_FRP_20080603.fs1
 data_file = f:\data\fires\MODIS_FRP\SILAM_src\Fire_MOD_MYD__TA_FRP_20080604.fs1
 data_file = f:\data\fires\MODIS_FRP\SILAM_src\Fire_MOD_MYD__TA_FRP_20080605.fs1
 data_file = f:\data\fires\MODIS_FRP\SILAM_src\Fire_MOD_MYD__TA_FRP_20080606.fs1
 data_file = f:\data\fires\MODIS_FRP\SILAM_src\Fire_MOD_MYD__TA_FRP_20080607.fs1
 data_file = f:\data\fires\MODIS_FRP\SILAM_src\Fire_MOD_MYD__TA_FRP_20080608.fs1
 data_file = f:\data\fires\MODIS_FRP\SILAM_src\Fire_MOD_MYD__TA_FRP_20080609.fs1
 data_file = f:\data\fires\MODIS_FRP\SILAM_src\Fire_MOD_MYD__TA_FRP_20080610.fs1
 data_file = f:\data\fires\MODIS_FRP\SILAM_src\Fire_MOD_MYD__TA_FRP_20080611.fs1
 data_file = f:\data\fires\MODIS_FRP\SILAM_src\Fire_MOD_MYD__TA_FRP_20080612.fs1
 data_file = f:\data\fires\MODIS_FRP\SILAM_src\Fire_MOD_MYD__TA_FRP_20080613.fs1
 data_file = f:\data\fires\MODIS_FRP\SILAM_src\Fire_MOD_MYD__TA_FRP_20080614.fs1
 data_file = f:\data\fires\MODIS_FRP\SILAM_src\Fire_MOD_MYD__TA_FRP_20080615.fs1
 data_file = f:\data\fires\MODIS_FRP\SILAM_src\Fire_MOD_MYD__TA_FRP_20080616.fs1
 data_file = f:\data\fires\MODIS_FRP\SILAM_src\Fire_MOD_MYD__TA_FRP_20080617.fs1
 data_file = f:\data\fires\MODIS_FRP\SILAM_src\Fire_MOD_MYD__TA_FRP_20080618.fs1
 data_file = f:\data\fires\MODIS_FRP\SILAM_src\Fire_MOD_MYD__TA_FRP_20080619.fs1
 data_file = f:\data\fires\MODIS_FRP\SILAM_src\Fire_MOD_MYD__TA_FRP_20080620.fs1
 data_file = f:\data\fires\MODIS_FRP\SILAM_src\Fire_MOD_MYD__TA_FRP_20080621.fs1
 data_file = f:\data\fires\MODIS_FRP\SILAM_src\Fire_MOD_MYD__TA_FRP_20080622.fs1
 data_file = f:\data\fires\MODIS_FRP\SILAM_src\Fire_MOD_MYD__TA_FRP_20080623.fs1
 data_file = f:\data\fires\MODIS_FRP\SILAM_src\Fire_MOD_MYD__TA_FRP_20080624.fs1
 data_file = f:\data\fires\MODIS_FRP\SILAM_src\Fire_MOD_MYD__TA_FRP_20080625.fs1
 data_file = f:\data\fires\MODIS_FRP\SILAM_src\Fire_MOD_MYD__TA_FRP_20080626.fs1
 data_file = f:\data\fires\MODIS_FRP\SILAM_src\Fire_MOD_MYD__TA_FRP_20080627.fs1
 data_file = f:\data\fires\MODIS_FRP\SILAM_src\Fire_MOD_MYD__TA_FRP_20080628.fs1
 data_file = f:\data\fires\MODIS_FRP\SILAM_src\Fire_MOD_MYD__TA_FRP_20080629.fs1
 data_file = f:\data\fires\MODIS_FRP\SILAM_src\Fire_MOD_MYD__TA_FRP_20080630.fs1
 data_file = f:\data\fires\MODIS_FRP\SILAM_src\Fire_MOD_MYD__TA_FRP_20080701.fs1
 data_file = f:\data\fires\MODIS_FRP\SILAM_src\Fire_MOD_MYD__TA_FRP_20080702.fs1
 data_file = f:\data\fires\MODIS_FRP\SILAM_src\Fire_MOD_MYD__TA_FRP_20080703.fs1
 data_file = f:\data\fires\MODIS_FRP\SILAM_src\Fire_MOD_MYD__TA_FRP_20080704.fs1
 data_file = f:\data\fires\MODIS_FRP\SILAM_src\Fire_MOD_MYD__TA_FRP_20080705.fs1
 data_file = f:\data\fires\MODIS_FRP\SILAM_src\Fire_MOD_MYD__TA_FRP_20080706.fs1
 data_file = f:\data\fires\MODIS_FRP\SILAM_src\Fire_MOD_MYD__TA_FRP_20080707.fs1
 data_file = f:\data\fires\MODIS_FRP\SILAM_src\Fire_MOD_MYD__TA_FRP_20080708.fs1
 data_file = f:\data\fires\MODIS_FRP\SILAM_src\Fire_MOD_MYD__TA_FRP_20080709.fs1
 data_file = f:\data\fires\MODIS_FRP\SILAM_src\Fire_MOD_MYD__TA_FRP_20080710.fs1
 data_file = f:\data\fires\MODIS_FRP\SILAM_src\Fire_MOD_MYD__TA_FRP_20080711.fs1
 data_file = f:\data\fires\MODIS_FRP\SILAM_src\Fire_MOD_MYD__TA_FRP_20080712.fs1
 data_file = f:\data\fires\MODIS_FRP\SILAM_src\Fire_MOD_MYD__TA_FRP_20080713.fs1
 data_file = f:\data\fires\MODIS_FRP\SILAM_src\Fire_MOD_MYD__TA_FRP_20080714.fs1
 data_file = f:\data\fires\MODIS_FRP\SILAM_src\Fire_MOD_MYD__TA_FRP_20080715.fs1
 data_file = f:\data\fires\MODIS_FRP\SILAM_src\Fire_MOD_MYD__TA_FRP_20080716.fs1
 data_file = f:\data\fires\MODIS_FRP\SILAM_src\Fire_MOD_MYD__TA_FRP_20080717.fs1
 data_file = f:\data\fires\MODIS_FRP\SILAM_src\Fire_MOD_MYD__TA_FRP_20080718.fs1
 data_file = f:\data\fires\MODIS_FRP\SILAM_src\Fire_MOD_MYD__TA_FRP_20080719.fs1
 data_file = f:\data\fires\MODIS_FRP\SILAM_src\Fire_MOD_MYD__TA_FRP_20080720.fs1
 data_file = f:\data\fires\MODIS_FRP\SILAM_src\Fire_MOD_MYD__TA_FRP_20080721.fs1
 data_file = f:\data\fires\MODIS_FRP\SILAM_src\Fire_MOD_MYD__TA_FRP_20080722.fs1
 data_file = f:\data\fires\MODIS_FRP\SILAM_src\Fire_MOD_MYD__TA_FRP_20080723.fs1
 data_file = f:\data\fires\MODIS_FRP\SILAM_src\Fire_MOD_MYD__TA_FRP_20080724.fs1
 data_file = f:\data\fires\MODIS_FRP\SILAM_src\Fire_MOD_MYD__TA_FRP_20080725.fs1
 data_file = f:\data\fires\MODIS_FRP\SILAM_src\Fire_MOD_MYD__TA_FRP_20080726.fs1
 data_file = f:\data\fires\MODIS_FRP\SILAM_src\Fire_MOD_MYD__TA_FRP_20080727.fs1
 data_file = f:\data\fires\MODIS_FRP\SILAM_src\Fire_MOD_MYD__TA_FRP_20080728.fs1
 data_file = f:\data\fires\MODIS_FRP\SILAM_src\Fire_MOD_MYD__TA_FRP_20080729.fs1
 data_file = f:\data\fires\MODIS_FRP\SILAM_src\Fire_MOD_MYD__TA_FRP_20080730.fs1
 data_file = f:\data\fires\MODIS_FRP\SILAM_src\Fire_MOD_MYD__TA_FRP_20080731.fs1
 data_file = f:\data\fires\MODIS_FRP\SILAM_src\Fire_MOD_MYD__TA_FRP_20080801.fs1
 data_file = f:\data\fires\MODIS_FRP\SILAM_src\Fire_MOD_MYD__TA_FRP_20080802.fs1
 data_file = f:\data\fires\MODIS_FRP\SILAM_src\Fire_MOD_MYD__TA_FRP_20080803.fs1
 data_file = f:\data\fires\MODIS_FRP\SILAM_src\Fire_MOD_MYD__TA_FRP_20080804.fs1
 data_file = f:\data\fires\MODIS_FRP\SILAM_src\Fire_MOD_MYD__TA_FRP_20080805.fs1
 data_file = f:\data\fires\MODIS_FRP\SILAM_src\Fire_MOD_MYD__TA_FRP_20080806.fs1
 data_file = f:\data\fires\MODIS_FRP\SILAM_src\Fire_MOD_MYD__TA_FRP_20080807.fs1
 data_file = f:\data\fires\MODIS_FRP\SILAM_src\Fire_MOD_MYD__TA_FRP_20080808.fs1
 data_file = f:\data\fires\MODIS_FRP\SILAM_src\Fire_MOD_MYD__TA_FRP_20080809.fs1
 data_file = f:\data\fires\MODIS_FRP\SILAM_src\Fire_MOD_MYD__TA_FRP_20080810.fs1
 data_file = f:\data\fires\MODIS_FRP\SILAM_src\Fire_MOD_MYD__TA_FRP_20080811.fs1
 data_file = f:\data\fires\MODIS_FRP\SILAM_src\Fire_MOD_MYD__TA_FRP_20080812.fs1
 data_file = f:\data\fires\MODIS_FRP\SILAM_src\Fire_MOD_MYD__TA_FRP_20080813.fs1
 data_file = f:\data\fires\MODIS_FRP\SILAM_src\Fire_MOD_MYD__TA_FRP_20080814.fs1
 data_file = f:\data\fires\MODIS_FRP\SILAM_src\Fire_MOD_MYD__TA_FRP_20080815.fs1
 data_file = f:\data\fires\MODIS_FRP\SILAM_src\Fire_MOD_MYD__TA_FRP_20080816.fs1
 data_file = f:\data\fires\MODIS_FRP\SILAM_src\Fire_MOD_MYD__TA_FRP_20080817.fs1
 data_file = f:\data\fires\MODIS_FRP\SILAM_src\Fire_MOD_MYD__TA_FRP_20080818.fs1
 data_file = f:\data\fires\MODIS_FRP\SILAM_src\Fire_MOD_MYD__TA_FRP_20080819.fs1
 data_file = f:\data\fires\MODIS_FRP\SILAM_src\Fire_MOD_MYD__TA_FRP_20080820.fs1
 data_file = f:\data\fires\MODIS_FRP\SILAM_src\Fire_MOD_MYD__TA_FRP_20080821.fs1
 data_file = f:\data\fires\MODIS_FRP\SILAM_src\Fire_MOD_MYD__TA_FRP_20080822.fs1
 data_file = f:\data\fires\MODIS_FRP\SILAM_src\Fire_MOD_MYD__TA_FRP_20080823.fs1
 data_file = f:\data\fires\MODIS_FRP\SILAM_src\Fire_MOD_MYD__TA_FRP_20080824.fs1
 data_file = f:\data\fires\MODIS_FRP\SILAM_src\Fire_MOD_MYD__TA_FRP_20080825.fs1
 data_file = f:\data\fires\MODIS_FRP\SILAM_src\Fire_MOD_MYD__TA_FRP_20080826.fs1
 data_file = f:\data\fires\MODIS_FRP\SILAM_src\Fire_MOD_MYD__TA_FRP_20080827.fs1
 data_file = f:\data\fires\MODIS_FRP\SILAM_src\Fire_MOD_MYD__TA_FRP_20080828.fs1
 data_file = f:\data\fires\MODIS_FRP\SILAM_src\Fire_MOD_MYD__TA_FRP_20080829.fs1
 data_file = f:\data\fires\MODIS_FRP\SILAM_src\Fire_MOD_MYD__TA_FRP_20080830.fs1
 data_file = f:\data\fires\MODIS_FRP\SILAM_src\Fire_MOD_MYD__TA_FRP_20080831.fs1
 data_file = f:\data\fires\MODIS_FRP\SILAM_src\Fire_MOD_MYD__TA_FRP_20080901.fs1
 data_file = f:\data\fires\MODIS_FRP\SILAM_src\Fire_MOD_MYD__TA_FRP_20080902.fs1
 data_file = f:\data\fires\MODIS_FRP\SILAM_src\Fire_MOD_MYD__TA_FRP_20080903.fs1
 data_file = f:\data\fires\MODIS_FRP\SILAM_src\Fire_MOD_MYD__TA_FRP_20080904.fs1
 data_file = f:\data\fires\MODIS_FRP\SILAM_src\Fire_MOD_MYD__TA_FRP_20080905.fs1
 data_file = f:\data\fires\MODIS_FRP\SILAM_src\Fire_MOD_MYD__TA_FRP_20080906.fs1
 data_file = f:\data\fires\MODIS_FRP\SILAM_src\Fire_MOD_MYD__TA_FRP_20080907.fs1
 data_file = f:\data\fires\MODIS_FRP\SILAM_src\Fire_MOD_MYD__TA_FRP_20080908.fs1
 data_file = f:\data\fires\MODIS_FRP\SILAM_src\Fire_MOD_MYD__TA_FRP_20080909.fs1
 data_file = f:\data\fires\MODIS_FRP\SILAM_src\Fire_MOD_MYD__TA_FRP_20080910.fs1
 data_file = f:\data\fires\MODIS_FRP\SILAM_src\Fire_MOD_MYD__TA_FRP_20080911.fs1
 data_file = f:\data\fires\MODIS_FRP\SILAM_src\Fire_MOD_MYD__TA_FRP_20080912.fs1
 data_file = f:\data\fires\MODIS_FRP\SILAM_src\Fire_MOD_MYD__TA_FRP_20080913.fs1
 data_file = f:\data\fires\MODIS_FRP\SILAM_src\Fire_MOD_MYD__TA_FRP_20080914.fs1
 data_file = f:\data\fires\MODIS_FRP\SILAM_src\Fire_MOD_MYD__TA_FRP_20080915.fs1
 data_file = f:\data\fires\MODIS_FRP\SILAM_src\Fire_MOD_MYD__TA_FRP_20080916.fs1
 data_file = f:\data\fires\MODIS_FRP\SILAM_src\Fire_MOD_MYD__TA_FRP_20080917.fs1
 data_file = f:\data\fires\MODIS_FRP\SILAM_src\Fire_MOD_MYD__TA_FRP_20080918.fs1
 data_file = f:\data\fires\MODIS_FRP\SILAM_src\Fire_MOD_MYD__TA_FRP_20080919.fs1
 data_file = f:\data\fires\MODIS_FRP\SILAM_src\Fire_MOD_MYD__TA_FRP_20080920.fs1
 data_file = f:\data\fires\MODIS_FRP\SILAM_src\Fire_MOD_MYD__TA_FRP_20080921.fs1
 data_file = f:\data\fires\MODIS_FRP\SILAM_src\Fire_MOD_MYD__TA_FRP_20080922.fs1
 data_file = f:\data\fires\MODIS_FRP\SILAM_src\Fire_MOD_MYD__TA_FRP_20080923.fs1
 data_file = f:\data\fires\MODIS_FRP\SILAM_src\Fire_MOD_MYD__TA_FRP_20080924.fs1
 data_file = f:\data\fires\MODIS_FRP\SILAM_src\Fire_MOD_MYD__TA_FRP_20080925.fs1
 data_file = f:\data\fires\MODIS_FRP\SILAM_src\Fire_MOD_MYD__TA_FRP_20080926.fs1
 data_file = f:\data\fires\MODIS_FRP\SILAM_src\Fire_MOD_MYD__TA_FRP_20080927.fs1
 data_file = f:\data\fires\MODIS_FRP\SILAM_src\Fire_MOD_MYD__TA_FRP_20080928.fs1
 data_file = f:\data\fires\MODIS_FRP\SILAM_src\Fire_MOD_MYD__TA_FRP_20080929.fs1
 data_file = f:\data\fires\MODIS_FRP\SILAM_src\Fire_MOD_MYD__TA_FRP_20080930.fs1
 data_file = f:\data\fires\MODIS_FRP\SILAM_src\Fire_MOD_MYD__TA_FRP_20081001.fs1
 data_file = f:\data\fires\MODIS_FRP\SILAM_src\Fire_MOD_MYD__TA_FRP_20081002.fs1
 data_file = f:\data\fires\MODIS_FRP\SILAM_src\Fire_MOD_MYD__TA_FRP_20081003.fs1
 data_file = f:\data\fires\MODIS_FRP\SILAM_src\Fire_MOD_MYD__TA_FRP_20081004.fs1
 data_file = f:\data\fires\MODIS_FRP\SILAM_src\Fire_MOD_MYD__TA_FRP_20081005.fs1
 data_file = f:\data\fires\MODIS_FRP\SILAM_src\Fire_MOD_MYD__TA_FRP_20081006.fs1
 data_file = f:\data\fires\MODIS_FRP\SILAM_src\Fire_MOD_MYD__TA_FRP_20081007.fs1
 data_file = f:\data\fires\MODIS_FRP\SILAM_src\Fire_MOD_MYD__TA_FRP_20081008.fs1
 data_file = f:\data\fires\MODIS_FRP\SILAM_src\Fire_MOD_MYD__TA_FRP_20081009.fs1
 data_file = f:\data\fires\MODIS_FRP\SILAM_src\Fire_MOD_MYD__TA_FRP_20081010.fs1
 data_file = f:\data\fires\MODIS_FRP\SILAM_src\Fire_MOD_MYD__TA_FRP_20081011.fs1
 data_file = f:\data\fires\MODIS_FRP\SILAM_src\Fire_MOD_MYD__TA_FRP_20081012.fs1
 data_file = f:\data\fires\MODIS_FRP\SILAM_src\Fire_MOD_MYD__TA_FRP_20081013.fs1
 data_file = f:\data\fires\MODIS_FRP\SILAM_src\Fire_MOD_MYD__TA_FRP_20081014.fs1
 data_file = f:\data\fires\MODIS_FRP\SILAM_src\Fire_MOD_MYD__TA_FRP_20081015.fs1
 data_file = f:\data\fires\MODIS_FRP\SILAM_src\Fire_MOD_MYD__TA_FRP_20081016.fs1
 data_file = f:\data\fires\MODIS_FRP\SILAM_src\Fire_MOD_MYD__TA_FRP_20081017.fs1
 data_file = f:\data\fires\MODIS_FRP\SILAM_src\Fire_MOD_MYD__TA_FRP_20081018.fs1
 data_file = f:\data\fires\MODIS_FRP\SILAM_src\Fire_MOD_MYD__TA_FRP_20081019.fs1
 data_file = f:\data\fires\MODIS_FRP\SILAM_src\Fire_MOD_MYD__TA_FRP_20081020.fs1
 data_file = f:\data\fires\MODIS_FRP\SILAM_src\Fire_MOD_MYD__TA_FRP_20081021.fs1
 data_file = f:\data\fires\MODIS_FRP\SILAM_src\Fire_MOD_MYD__TA_FRP_20081022.fs1
 data_file = f:\data\fires\MODIS_FRP\SILAM_src\Fire_MOD_MYD__TA_FRP_20081023.fs1
 data_file = f:\data\fires\MODIS_FRP\SILAM_src\Fire_MOD_MYD__TA_FRP_20081024.fs1
 data_file = f:\data\fires\MODIS_FRP\SILAM_src\Fire_MOD_MYD__TA_FRP_20081025.fs1
 data_file = f:\data\fires\MODIS_FRP\SILAM_src\Fire_MOD_MYD__TA_FRP_20081026.fs1
 data_file = f:\data\fires\MODIS_FRP\SILAM_src\Fire_MOD_MYD__TA_FRP_20081027.fs1
 data_file = f:\data\fires\MODIS_FRP\SILAM_src\Fire_MOD_MYD__TA_FRP_20081028.fs1
 data_file = f:\data\fires\MODIS_FRP\SILAM_src\Fire_MOD_MYD__TA_FRP_20081029.fs1
 data_file = f:\data\fires\MODIS_FRP\SILAM_src\Fire_MOD_MYD__TA_FRP_20081030.fs1
 data_file = f:\data\fires\MODIS_FRP\SILAM_src\Fire_MOD_MYD__TA_FRP_20081031.fs1
 data_file = f:\data\fires\MODIS_FRP\SILAM_src\Fire_MOD_MYD__TA_FRP_20081101.fs1
 data_file = f:\data\fires\MODIS_FRP\SILAM_src\Fire_MOD_MYD__TA_FRP_20081102.fs1
 data_file = f:\data\fires\MODIS_FRP\SILAM_src\Fire_MOD_MYD__TA_FRP_20081103.fs1
 data_file = f:\data\fires\MODIS_FRP\SILAM_src\Fire_MOD_MYD__TA_FRP_20081104.fs1
 data_file = f:\data\fires\MODIS_FRP\SILAM_src\Fire_MOD_MYD__TA_FRP_20081105.fs1
 data_file = f:\data\fires\MODIS_FRP\SILAM_src\Fire_MOD_MYD__TA_FRP_20081106.fs1
 data_file = f:\data\fires\MODIS_FRP\SILAM_src\Fire_MOD_MYD__TA_FRP_20081107.fs1
 data_file = f:\data\fires\MODIS_FRP\SILAM_src\Fire_MOD_MYD__TA_FRP_20081108.fs1
 data_file = f:\data\fires\MODIS_FRP\SILAM_src\Fire_MOD_MYD__TA_FRP_20081109.fs1
 data_file = f:\data\fires\MODIS_FRP\SILAM_src\Fire_MOD_MYD__TA_FRP_20081110.fs1
 data_file = f:\data\fires\MODIS_FRP\SILAM_src\Fire_MOD_MYD__TA_FRP_20081111.fs1
 data_file = f:\data\fires\MODIS_FRP\SILAM_src\Fire_MOD_MYD__TA_FRP_20081112.fs1
 data_file = f:\data\fires\MODIS_FRP\SILAM_src\Fire_MOD_MYD__TA_FRP_20081113.fs1
 data_file = f:\data\fires\MODIS_FRP\SILAM_src\Fire_MOD_MYD__TA_FRP_20081114.fs1
 data_file = f:\data\fires\MODIS_FRP\SILAM_src\Fire_MOD_MYD__TA_FRP_20081115.fs1
 data_file = f:\data\fires\MODIS_FRP\SILAM_src\Fire_MOD_MYD__TA_FRP_20081116.fs1
 data_file = f:\data\fires\MODIS_FRP\SILAM_src\Fire_MOD_MYD__TA_FRP_20081117.fs1
 data_file = f:\data\fires\MODIS_FRP\SILAM_src\Fire_MOD_MYD__TA_FRP_20081118.fs1
 data_file = f:\data\fires\MODIS_FRP\SILAM_src\Fire_MOD_MYD__TA_FRP_20081119.fs1
 data_file = f:\data\fires\MODIS_FRP\SILAM_src\Fire_MOD_MYD__TA_FRP_20081120.fs1
 data_file = f:\data\fires\MODIS_FRP\SILAM_src\Fire_MOD_MYD__TA_FRP_20081121.fs1
 data_file = f:\data\fires\MODIS_FRP\SILAM_src\Fire_MOD_MYD__TA_FRP_20081122.fs1
 data_file = f:\data\fires\MODIS_FRP\SILAM_src\Fire_MOD_MYD__TA_FRP_20081123.fs1
 data_file = f:\data\fires\MODIS_FRP\SILAM_src\Fire_MOD_MYD__TA_FRP_20081124.fs1
 data_file = f:\data\fires\MODIS_FRP\SILAM_src\Fire_MOD_MYD__TA_FRP_20081125.fs1
 data_file = f:\data\fires\MODIS_FRP\SILAM_src\Fire_MOD_MYD__TA_FRP_20081126.fs1
 data_file = f:\data\fires\MODIS_FRP\SILAM_src\Fire_MOD_MYD__TA_FRP_20081127.fs1
 data_file = f:\data\fires\MODIS_FRP\SILAM_src\Fire_MOD_MYD__TA_FRP_20081128.fs1
 data_file = f:\data\fires\MODIS_FRP\SILAM_src\Fire_MOD_MYD__TA_FRP_20081129.fs1
 data_file = f:\data\fires\MODIS_FRP\SILAM_src\Fire_MOD_MYD__TA_FRP_20081130.fs1
 data_file = f:\data\fires\MODIS_FRP\SILAM_src\Fire_MOD_MYD__TA_FRP_20081201.fs1
 data_file = f:\data\fires\MODIS_FRP\SILAM_src\Fire_MOD_MYD__TA_FRP_20081202.fs1
 data_file = f:\data\fires\MODIS_FRP\SILAM_src\Fire_MOD_MYD__TA_FRP_20081203.fs1
 data_file = f:\data\fires\MODIS_FRP\SILAM_src\Fire_MOD_MYD__TA_FRP_20081204.fs1
 data_file = f:\data\fires\MODIS_FRP\SILAM_src\Fire_MOD_MYD__TA_FRP_20081205.fs1
 data_file = f:\data\fires\MODIS_FRP\SILAM_src\Fire_MOD_MYD__TA_FRP_20081206.fs1
 data_file = f:\data\fires\MODIS_FRP\SILAM_src\Fire_MOD_MYD__TA_FRP_20081207.fs1
 data_file = f:\data\fires\MODIS_FRP\SILAM_src\Fire_MOD_MYD__TA_FRP_20081208.fs1
 data_file = f:\data\fires\MODIS_FRP\SILAM_src\Fire_MOD_MYD__TA_FRP_20081209.fs1
 data_file = f:\data\fires\MODIS_FRP\SILAM_src\Fire_MOD_MYD__TA_FRP_20081210.fs1
 data_file = f:\data\fires\MODIS_FRP\SILAM_src\Fire_MOD_MYD__TA_FRP_20081211.fs1
 data_file = f:\data\fires\MODIS_FRP\SILAM_src\Fire_MOD_MYD__TA_FRP_20081212.fs1
 data_file = f:\data\fires\MODIS_FRP\SILAM_src\Fire_MOD_MYD__TA_FRP_20081213.fs1
 data_file = f:\data\fires\MODIS_FRP\SILAM_src\Fire_MOD_MYD__TA_FRP_20081214.fs1
 data_file = f:\data\fires\MODIS_FRP\SILAM_src\Fire_MOD_MYD__TA_FRP_20081215.fs1
 data_file = f:\data\fires\MODIS_FRP\SILAM_src\Fire_MOD_MYD__TA_FRP_20081216.fs1
 data_file = f:\data\fires\MODIS_FRP\SILAM_src\Fire_MOD_MYD__TA_FRP_20081217.fs1
 data_file = f:\data\fires\MODIS_FRP\SILAM_src\Fire_MOD_MYD__TA_FRP_20081218.fs1
 data_file = f:\data\fires\MODIS_FRP\SILAM_src\Fire_MOD_MYD__TA_FRP_20081219.fs1
 data_file = f:\data\fires\MODIS_FRP\SILAM_src\Fire_MOD_MYD__TA_FRP_20081220.fs1
 data_file = f:\data\fires\MODIS_FRP\SILAM_src\Fire_MOD_MYD__TA_FRP_20081221.fs1
 data_file = f:\data\fires\MODIS_FRP\SILAM_src\Fire_MOD_MYD__TA_FRP_20081222.fs1
 data_file = f:\data\fires\MODIS_FRP\SILAM_src\Fire_MOD_MYD__TA_FRP_20081223.fs1
 data_file = f:\data\fires\MODIS_FRP\SILAM_src\Fire_MOD_MYD__TA_FRP_20081224.fs1
 data_file = f:\data\fires\MODIS_FRP\SILAM_src\Fire_MOD_MYD__TA_FRP_20081225.fs1
 data_file = f:\data\fires\MODIS_FRP\SILAM_src\Fire_MOD_MYD__TA_FRP_20081226.fs1
 data_file = f:\data\fires\MODIS_FRP\SILAM_src\Fire_MOD_MYD__TA_FRP_20081227.fs1
 data_file = f:\data\fires\MODIS_FRP\SILAM_src\Fire_MOD_MYD__TA_FRP_20081228.fs1
 data_file = f:\data\fires\MODIS_FRP\SILAM_src\Fire_MOD_MYD__TA_FRP_20081229.fs1
 data_file = f:\data\fires\MODIS_FRP\SILAM_src\Fire_MOD_MYD__TA_FRP_20081230.fs1
 data_file = f:\data\fires\MODIS_FRP\SILAM_src\Fire_MOD_MYD__TA_FRP_20081231.fs1
